---
source: src/transform/unitary/quil.rs
expression: result.program.to_string(true)
---
DECLARE ro BIT[2]
H 0
CNOT 0 1
MEASURE 0 ro[0]
MEASURE 1 ro[1]

