---
source: src/transform/shot_count_block/quil.rs
expression: result.program.to_string(true)
---
DECLARE __qir_param REAL[1]
DECLARE ro BIT[0]
RZ(__qir_param[0]) 0
RZ(__qir_param[0]) 0
RZ(2) 0
RZ(12.123456789) 0

