---
source: src/transform/shot_count_block/quil.rs
assertion_line: 200
expression: result.program.to_string(true)

---
DECLARE ro BIT[0]
H 12

