---
source: tests/public_lib_api.rs
expression: output.program.to_string(true)
---
DECLARE ro BIT[2]
H 0
CNOT 0 1
MEASURE 0 ro[0]
MEASURE 1 ro[1]

